TIMESTAMP_UTC=20260903T050115Z
ALB_DNS=otel-fargate-lab-lab-alb-1054318105.us-east-1.elb.amazonaws.com
SAMPLES=30
CHAOS_ENABLED=false
SAMPLE 01 200 0.394789
SAMPLE 02 200 0.271004
SAMPLE 03 200 0.303929
SAMPLE 04 200 0.277343
SAMPLE 05 200 0.253801
SAMPLE 06 200 0.522669
SAMPLE 07 200 0.215233
SAMPLE 08 200 0.266908
SAMPLE 09 200 0.276986
SAMPLE 10 200 0.221474
SAMPLE 11 200 0.341218
SAMPLE 12 200 0.216009
SAMPLE 13 200 0.283222
SAMPLE 14 200 0.211950
SAMPLE 15 200 0.269888
SAMPLE 16 200 0.278120
SAMPLE 17 200 0.295777
SAMPLE 18 200 0.267505
SAMPLE 19 200 0.216018
SAMPLE 20 200 0.258398
SAMPLE 21 200 0.215284
SAMPLE 22 200 0.268020
SAMPLE 23 200 0.214783
SAMPLE 24 200 0.261020
SAMPLE 25 200 0.573979
SAMPLE 26 200 0.217764
SAMPLE 27 200 0.265067
SAMPLE 28 200 0.216097
SAMPLE 29 200 0.262587
SAMPLE 30 200 0.284290

=== BASELINE SUMMARY ===
TOTAL_REQUESTS=30
SUCCESSFUL_REQUESTS=30
ERROR_REQUESTS=0
AVAILABILITY_PERCENT=100.00
ERROR_RATE_PERCENT=0.00
LATENCY_MEAN_SECONDS=0.280704
LATENCY_STDDEV_SECONDS=0.082183
LATENCY_P95_SECONDS=0.522669
